// Jest Snapshot v1, https://goo.gl/fbAQLP

exports[`CardItem should render correctly CardItem with data 1`] = `
<Panel
  className="card"
>
  <article
    className="article__card"
  >
    <Row
      className=""
    >
      <Col
        className=""
        lg={null}
        lg-offset={null}
        md="12"
        md-offset={null}
        sm={null}
        sm-offset={null}
        xl={null}
        xl-offset={null}
        xs="12"
        xs-offset={null}
      />
      <Col
        className=""
        lg={null}
        lg-offset={null}
        md="4"
        md-offset={null}
        sm={null}
        sm-offset={null}
        xl={null}
        xl-offset={null}
        xs="12"
        xs-offset={null}
      >
        <div
          className="card__picture"
        >
           
          <img
            src="https://m.media-amazon.com/images/M/MV5BMDdmZGU3NDQtY2E5My00ZTliLWIzOTUtMTY4ZGI1YjdiNjk3XkEyXkFqcGdeQXVyNTA4NzY1MzY@._V1_SX300.jpg"
          />
           
        </div>
      </Col>
      <Col
        className=""
        lg={null}
        lg-offset={null}
        md="6"
        md-offset={null}
        sm={null}
        sm-offset={null}
        xl={null}
        xl-offset={null}
        xs="12"
        xs-offset={null}
      >
        <div
          className="card__information"
        >
          <div>
            <h2
              className="card__information__heading"
            >
               
              Titanic
            </h2>
            <h3
              className="card__information__subtitle"
            >
               
              19 Dec 1997
            </h3>
            <div>
              <p
                className="card__information__callout"
                key="Internet Movie Database"
              >
                <b>
                  Internet Movie Database
                </b>
                : 
                <i>
                  7.8/10
                </i>
              </p>
              <p
                className="card__information__callout"
                key="Rotten Tomatoes"
              >
                <b>
                  Rotten Tomatoes
                </b>
                : 
                <i>
                  89%
                </i>
              </p>
              <p
                className="card__information__callout"
                key="Metacritic"
              >
                <b>
                  Metacritic
                </b>
                : 
                <i>
                  75/100
                </i>
              </p>
            </div>
          </div>
        </div>
      </Col>
    </Row>
  </article>
</Panel>
`;
